// Jest Snapshot v1, https://goo.gl/fbAQLP

exports[`RelativeMetricBar should render 1`] = `
<div>
  <td
    class="table-cell-expand relative-metric-bar-root"
  >
    <div
      class="metric-bar-root"
    >
      <div
        class="bar bar-lg"
        style="width: 50%;"
      />
      <div
        class="info-wrapper align-items-center d-flex justify-content-between"
      >
        <span
          class="text-truncate title"
          data-tooltip="false"
          title=""
        />
        <span
          class="count"
        >
          6
        </span>
      </div>
    </div>
  </td>
</div>
`;
