// Jest Snapshot v1, https://goo.gl/fbAQLP

exports[`WorkspaceListItem should render 1`] = `
<div>
  <li
    class="list-group-item list-group-item-action list-group-item-flex"
  >
    <button
      class="button-root workspace-link border-button btn btn-unstyled"
      type="button"
    >
      <div
        class="autofit-col autofit-col-expand"
      >
        <div
          class="col-content-wrapper"
        >
          <div
            class="text-truncate"
          >
            <div
              class="workspace-name"
            >
              <div
                class="info-wrapper configuration-required"
              >
                Finish Setting Up Workspace
              </div>
              <span
                class="text-truncate"
                data-tooltip="false"
                title=""
              />
            </div>
            <div
              class="workspace-info"
            />
          </div>
          <svg
            class="lexicon-icon lexicon-icon-angle-right-small icon-root"
            role="presentation"
          >
            <use
              href="#angle-right-small"
            />
          </svg>
        </div>
      </div>
    </button>
  </li>
</div>
`;
