// Jest Snapshot v1, https://goo.gl/fbAQLP

exports[`useModalNotifications should open a notification modal 1`] = `
<div>
  <div
    class="modal-renderer-root"
  >
    <div
      class="modal-container d-block fade modal show"
      role="button"
      tabindex="0"
    >
      <div
        aria-modal="true"
        class="modal-dialog"
        role="dialog"
      >
        <div
          class="modal-content"
        >
          <div
            class="modal-header"
          >
            <div
              class="h4 modal-title"
            >
              Workspace Timezone
            </div>
          </div>
          <form
            class="form-root"
          >
            <div
              class="modal-body"
            >
              <div
                class="mb-4"
              >
                Your workspace now supports custom timezones. Setting timezones will only impact future data. Expect spiked or flat data for 1-2 days following a change.
              </div>
              <div
                class="picker-root-container"
              >
                <div
                  class="time-zone-spaced-select"
                >
                  <div
                    class="form-group time-zone-picker-root form-group-autofit"
                  >
                    <div
                      class="form-group-item col-3"
                    >
                      <select
                        class="form-control select-root"
                      >
                        <option
                          value=""
                        >
                          Country
                        </option>
                        <option
                          value="Brazil"
                        >
                          Brazil
                        </option>
                        <option
                          value="Chile"
                        >
                          Chile
                        </option>
                        <option
                          value="UTC"
                        >
                          UTC
                        </option>
                      </select>
                    </div>
                    <div
                      class="form-group-item col-9"
                    >
                      <div
                        class=""
                      >
                        <select
                          class="form-control select-root"
                          id="timeZoneId"
                          name="timeZoneId"
                        >
                          <option />
                          <option
                            value="UTC"
                          >
                            (UTC) UTC
                          </option>
                        </select>
                      </div>
                    </div>
                  </div>
                </div>
                <span
                  class="current-time-display"
                >
                  Current Time:
                </span>
                <span
                  class="current-time-value ml-4"
                >
                  11:01 PM
                </span>
              </div>
            </div>
            <div
              class="modal-footer"
            >
              <button
                class="button-root btn btn-secondary"
                type="button"
              >
                Do This Later
              </button>
              <button
                class="button-root btn btn-primary"
                disabled=""
                type="submit"
              >
                Set Timezone
              </button>
            </div>
          </form>
        </div>
      </div>
    </div>
    <div
      class="modal-backdrop fade show"
    />
  </div>
  <div>
    <span>
      testing
    </span>
  </div>
</div>
`;
