// Jest Snapshot v1, https://goo.gl/fbAQLP

exports[`useQueryRangeSelectors should return RangeSelectors params from query params values 1`] = `
<div>
  rangeEnd 9087
  rangeKey: 90
  rangeStart: 54546
</div>
`;

exports[`useQueryRangeSelectors should return initial values 1`] = `
<div>
  rangeEnd null
  rangeKey: 30
  rangeStart: null
</div>
`;
