// Jest Snapshot v1, https://goo.gl/fbAQLP

exports[`useQueryPagination should return initial values 1`] = `
<div>
  delta: 6
  field: initial orderIOMap
  sortOrder: ASC
  page: 13
  query: initial query
</div>
`;

exports[`useQueryPagination should return pagination params from query params values 1`] = `
<div>
  delta: 5
  field: name
  sortOrder: DESC
  page: 1
  query: meow
</div>
`;
