// Jest Snapshot v1, https://goo.gl/fbAQLP

exports[`useStatefulPagination should return default values 1`] = `
Object {
  "delta": 2,
  "filterBy": Immutable.Map {},
  "onDeltaChange": [Function],
  "onFilterByChange": [Function],
  "onOrderIOMapChange": [Function],
  "onPageChange": [Function],
  "onQueryChange": [Function],
  "orderIOMap": null,
  "page": 1,
  "query": "",
  "resetPage": [Function],
}
`;
