// Jest Snapshot v1, https://goo.gl/fbAQLP

exports[`Table should render 1`] = `
<div>
  <div
    class="table-responsive table-root flex-grow-1"
  >
    <table
      class="table table-autofit table-hover table-heading-nowrap table-nowrap"
    >
      <thead>
        <tr>
          <th
            class="table-head-title"
          >
            <a
              class="button-root inline-item text-truncate-inline btn btn-unstyled"
              href="/?field=name&page=1&sortOrder=ASC"
            >
              <span
                class="text-truncate"
              >
                Name
              </span>
            </a>
          </th>
          <th
            class="table-head-title"
          >
            <a
              class="button-root inline-item text-truncate-inline btn btn-unstyled"
              href="/?field=properties.salary&page=1&sortOrder=ASC"
            >
              <span
                class="text-truncate"
              >
                Salary
              </span>
            </a>
          </th>
        </tr>
      </thead>
      <tbody>
        <tr
          class=""
        >
          <td>
            Foo Bar
          </td>
          <td>
            50,000
          </td>
        </tr>
        <tr
          class=""
        >
          <td>
            Foo Bar
          </td>
          <td>
            50,000
          </td>
        </tr>
        <tr
          class=""
        >
          <td>
            Foo Bar
          </td>
          <td>
            50,000
          </td>
        </tr>
        <tr
          class=""
        >
          <td>
            Foo Bar
          </td>
          <td>
            50,000
          </td>
        </tr>
        <tr
          class=""
        >
          <td>
            Foo Bar
          </td>
          <td>
            50,000
          </td>
        </tr>
      </tbody>
    </table>
  </div>
</div>
`;
