// Jest Snapshot v1, https://goo.gl/fbAQLP

exports[`UserActionsRenderer should render 1`] = `
<div>
  <span
    class=""
  >
    <button
      class="button-root btn btn-sm btn-secondary"
      type="button"
    >
      Edit
    </button>
    <button
      aria-label="Delete"
      class="button-root btn btn-outline-borderless btn-sm btn-outline-secondary"
      type="button"
    >
      <svg
        class="lexicon-icon lexicon-icon-trash icon-root"
        role="presentation"
      >
        <use
          href="#trash"
        />
      </svg>
    </button>
  </span>
</div>
`;
