// Jest Snapshot v1, https://goo.gl/fbAQLP

exports[`OnboardingModal renders 1`] = `
<div>
  <div
    aria-modal="true"
    class="modal-dialog onboarding-modal-root"
    role="dialog"
  >
    <div
      class="modal-content"
    >
      <div
        class="onboarding-base-screen-root d-flex flex-column flex-grow-1 justify-content-between welcome"
      >
        <div
          class="header"
        >
          <div
            class="d-flex justify-content-end"
          >
            <button
              aria-label="Close"
              class="button-root close btn btn-secondary"
              type="button"
            >
              <svg
                class="lexicon-icon lexicon-icon-times icon-root"
                role="presentation"
              >
                <use
                  href="#times"
                />
              </svg>
            </button>
          </div>
        </div>
        <div
          class="modal-body d-flex flex-column align-items-center"
        >
          <div
            class="ac-setup"
          />
          <span
            class="title d-flex justify-content-center"
          >
            Welcome to Analytics Cloud
          </span>
          <span
            class="description"
          >
            Just a few more steps to set up your workspace.
          </span>
        </div>
        <div
          class="modal-footer d-flex justify-content-center"
        >
          <button
            class="button-root btn btn-primary"
            type="button"
          >
            Next
          </button>
        </div>
      </div>
    </div>
  </div>
</div>
`;
