// Jest Snapshot v1, https://goo.gl/fbAQLP

exports[`RuleItem should render 1`] = `
<div>
  <div
    class="rule-item-root d-flex align-items-baseline"
  >
    <b>
      Include:
    </b>
    <div
      class="label label-root metadata-tag-root label-lg"
    >
      <span
        class="label-item"
      >
        og:url
      </span>
    </div>
    <span
      class="rule-value"
    >
      "https://www.liferay.com"
    </span>
  </div>
</div>
`;
