// Jest Snapshot v1, https://goo.gl/fbAQLP

exports[`CSV should render 1`] = `
<div>
  <div
    class="settings-base-page-root csv-data-source-root"
  >
    <div
      class="maintenance-alert-root"
    />
    <ol
      class="breadcrumb breadcrumbs-root"
    >
      <li
        class="breadcrumb-item"
      >
        <a
          class="breadcrumb-text-truncate breadcrumb-link"
          href="/workspace/23/settings/data-source"
        >
          Data Sources
        </a>
      </li>
      <li
        class="breadcrumb-item active"
      >
        <span
          class="breadcrumb-text-truncate"
        >
          CSV1
        </span>
      </li>
    </ol>
    <div>
      <div
        class="sheet"
      >
        <div
          class="sheet-header header-content"
        >
          <div
            class="page-title-group"
          >
            <h3
              class="w-50"
            >
              <div
                class="definition-item-root"
              >
                <div
                  class="d-flex align-items-center"
                >
                  <span
                    class="text-truncate"
                    data-tooltip="false"
                    title=""
                  >
                    CSV1
                  </span>
                  <button
                    aria-label="Edit"
                    class="button-root btn btn-sm btn-secondary"
                    type="button"
                  >
                    <svg
                      class="lexicon-icon lexicon-icon-pencil icon-root"
                      role="presentation"
                    >
                      <use
                        href="#pencil"
                      />
                    </svg>
                  </button>
                </div>
              </div>
            </h3>
            <div
              class="button-row"
            >
              <a
                class="button-root btn btn-primary"
                href="/workspace/23/settings/data-source/test/edit"
              >
                Edit CSV
              </a>
              <a
                class="button-root btn btn-primary"
                href="/workspace/23/settings/data-source/test/delete"
              >
                Delete Data Source
              </a>
            </div>
          </div>
          <div
            class="file-info"
          >
            <div
              class="definition-item-root"
            >
              <div
                class="d-flex align-items-center"
              >
                -
              </div>
            </div>
            <button
              class="button-root toggle-preview btn btn-sm btn-primary"
              display="secondary"
              type="button"
            >
              View File Preview
            </button>
          </div>
        </div>
        <div
          class="sheet-body"
        >
          <h3
            class="mappings-header"
          >
            Current Mappings
          </h3>
        </div>
        <span
          aria-hidden="true"
          class="loading-root center loading-animation"
        />
      </div>
    </div>
  </div>
</div>
`;
