// Jest Snapshot v1, https://goo.gl/fbAQLP

exports[`TouchpointsAssetsListQuery Mappers should extract items from result 1`] = `
Object {
  "error": null,
  "items": Array [
    Object {
      "assetId": "c87b5e99-11d9-4d4d-6b6f-d78c28f1d2c6",
      "assetType": "document",
      "interactions": 1000,
      "title": "c87b5e99-11d9-4d4d-6b6f-d78c28f1d2c6",
      "type": "Documents and Media",
    },
    Object {
      "assetId": "2092152",
      "assetType": "journal",
      "interactions": 1000,
      "title": "2092152",
      "type": "Web Content",
    },
    Object {
      "assetId": "229317896",
      "assetType": "form",
      "interactions": 1000,
      "title": "Liferay DXP Performance - Benchmark Study of Liferay Digital Enterprise 7.0",
      "type": "Forms",
    },
    Object {
      "assetId": "178554285",
      "assetType": "journal",
      "interactions": 1000,
      "title": "178554285",
      "type": "Web Content",
    },
    Object {
      "assetId": "146518",
      "assetType": "journal",
      "interactions": 1000,
      "title": "146518",
      "type": "Web Content",
    },
    Object {
      "assetId": "231733645",
      "assetType": "journal",
      "interactions": 1000,
      "title": "231733645",
      "type": "Web Content",
    },
    Object {
      "assetId": "231819306",
      "assetType": "form",
      "interactions": 1000,
      "title": "Data Protection for Liferay Services and Software",
      "type": "Forms",
    },
    Object {
      "assetId": "3805997",
      "assetType": "journal",
      "interactions": 1000,
      "title": "3805997",
      "type": "Web Content",
    },
    Object {
      "assetId": "1649254",
      "assetType": "form",
      "interactions": 1000,
      "title": "Portal Best Practices",
      "type": "Forms",
    },
    Object {
      "assetId": "7a3b7957-41ed-4d64-bdea-a0ebbc3a178f",
      "assetType": "form",
      "interactions": 1000,
      "title": "7a3b7957-41ed-4d64-bdea-a0ebbc3a178f",
      "type": "Forms",
    },
  ],
  "loading": false,
  "refetch": undefined,
}
`;
