// Jest Snapshot v1, https://goo.gl/fbAQLP

exports[`Welcome should render 1`] = `
<div>
  <div
    class="welcome"
  >
    <div
      class="modal-body d-flex flex-column align-items-center"
    >
      <div
        class="ac-property-buildings"
      />
      <h2>
        Introducing Properties
      </h2>
      <span
        class="subtitle"
      >
        We have upgraded your Analytics Cloud workspace to include properties.
      </span>
      <ul
        class="description"
      >
        <li>
          <p
            class="description-title"
          >
            Track user activities across experiences that matter.
          </p>
          <p
            class="description-subtitle"
          >
            Scope user sessions to their intended experiences by combining sites for each property.
          </p>
          <p>
            For existing workspaces, we scoped each datasource to its own property. This may have affected some of your existing segments.
          </p>
        </li>
        <li>
          <p
            class="description-title"
          >
            Take control of the data access with property permissions.
          </p>
          <p
            class="description-subtitle"
          >
            Flexible user access controls with custom permissioning for each property.
          </p>
        </li>
      </ul>
    </div>
    <div
      class="modal-footer d-flex justify-content-end"
    >
      <button
        class="button-root wide btn btn-secondary"
        type="button"
      >
        Next
      </button>
    </div>
  </div>
</div>
`;
