// Jest Snapshot v1, https://goo.gl/fbAQLP

exports[`MetricValue should render the component 1`] = `
<div>
  <div
    class="metric-value"
  >
    100
    <span
      class="metric-value-letter"
    >
      K
    </span>
  </div>
</div>
`;

exports[`MetricValue should render the component with number type 1`] = `
<div>
  <div
    class="metric-value"
  >
    100
    <span
      class="metric-value-letter"
    >
      K
    </span>
  </div>
</div>
`;

exports[`MetricValue should render the component with percentage  1`] = `
<div>
  <div
    class="metric-value"
  >
    100
    <span
      class="metric-value-letter"
    >
      %
    </span>
  </div>
</div>
`;

exports[`MetricValue should render the component with ratings  1`] = `
<div>
  <div
    class="metric-value"
  >
    10
    <span
      class="metric-value-letter"
    >
      /10
    </span>
  </div>
</div>
`;

exports[`MetricValue should render the component with time  1`] = `
<div>
  <div
    class="metric-value"
  >
    12
    <span
      class="metric-value-letter"
    >
      m
    </span>
    40
    <span
      class="metric-value-letter"
    >
      s
    </span>
  </div>
</div>
`;
