// Jest Snapshot v1, https://goo.gl/fbAQLP

exports[`BehaviorDisplay renders 1`] = `
<div>
  Individual
  <span>
    has
  </span>
  <span>
    Viewed Page
  </span>
  <b>
    'Cool beans Page'
  </b>
  <span>
    at least
  </span>
  <b>
    2
  </b>
  <span>
    time(s)
  </span>
  <span>
    since
  </span>
  <span>
    <strong>
      Last 24 hours
    </strong>
  </span>
</div>
`;
