// Jest Snapshot v1, https://goo.gl/fbAQLP

exports[`EmailReports should render 1`] = `
<div>
  <span
    class="font-weight-semibold mr-2"
  >
    Email Reports: 
    Disabled
    <button
      aria-label="Configure Email Reports"
      class="button-root btn btn-outline-borderless btn-sm btn-outline-unstyled"
      disabled=""
      type="button"
    >
      <span
        class="ml-2 p-2"
        data-tooltip="true"
        data-tooltip-align="top"
        title="Configure Email Reports"
      >
        <svg
          class="lexicon-icon lexicon-icon-cog icon-root"
          role="presentation"
        >
          <use
            href="#cog"
          />
        </svg>
      </span>
    </button>
  </span>
</div>
`;
