// Jest Snapshot v1, https://goo.gl/fbAQLP

exports[`ToolbarActionsRenderer should render 1`] = `
<div>
  <ul
    class="nav-root nav"
    role="tablist"
  >
    <li
      class="nav-item"
      role="presentation"
    >
      <button
        class="button-root btn btn-primary"
        type="button"
      >
        Add Members
      </button>
    </li>
  </ul>
</div>
`;
