// Jest Snapshot v1, https://goo.gl/fbAQLP

exports[`FormNavigation should render 1`] = `
<div>
  <div
    class="form-navigation-root"
  >
    <a
      class="button-root cancel btn btn-secondary"
      href=""
    >
      Cancel
    </a>
    <button
      class="button-root btn btn-primary"
      disabled=""
      type="submit"
    >
      Next
    </button>
  </div>
</div>
`;
