// Jest Snapshot v1, https://goo.gl/fbAQLP

exports[`SelectEntityFromModal should render 1`] = `
<div>
  <div
    class="form-group-item"
  >
    <div
      class="input-group select-entity-group"
    >
      <div
        class="input-group-item"
      >
        <div
          class="input-group select-input-root"
        >
          <div
            class="input-group-item"
          >
            <input
              class="input-root form-control"
              type="text"
              value=""
            />
          </div>
          <div
            class="selected-item-container"
          >
            fooEntity
          </div>
        </div>
      </div>
      <div
        class="input-group-item input-group-item-shrink input-group-append"
      >
        <button
          class="btn btn-secondary"
          type="button"
        >
          Select
        </button>
      </div>
    </div>
  </div>
</div>
`;
