// Jest Snapshot v1, https://goo.gl/fbAQLP

exports[`DndTable renders 1`] = `
<div>
  <div
    class=" dnd-table-root"
  >
    <div
      class="table-responsive"
    >
      <table
        class="table table-autofit show-quick-actions-on-hover table-hover table-list table-head-bordered table-striped dnd-table-root"
      >
        <thead>
          <tr
            class=""
          >
            <th
              class=""
            />
            <th
              class=""
            >
              <span
                class="text-truncate"
                data-tooltip="false"
                title=""
              >
                Title
              </span>
            </th>
          </tr>
        </thead>
        <tbody>
          <tr
            class="table-row"
          >
            <td
              class=""
            >
              <div
                class="drag-handle"
                draggable="true"
              >
                <svg
                  class="lexicon-icon lexicon-icon-drag icon-root"
                  role="presentation"
                >
                  <use
                    href="#drag"
                  />
                </svg>
              </div>
            </td>
            <td
              class=""
            >
              Test Test
            </td>
          </tr>
        </tbody>
      </table>
    </div>
  </div>
</div>
`;
