// Jest Snapshot v1, https://goo.gl/fbAQLP

exports[`Row renders 1`] = `
<div>
  <tr
    class="table-row"
  >
    <td
      class=""
    >
      <div
        class="drag-handle"
        draggable="true"
      >
        <svg
          class="lexicon-icon lexicon-icon-drag icon-root"
          role="presentation"
        >
          <use
            href="#drag"
          />
        </svg>
      </div>
    </td>
    <td
      class=""
    >
      Test Test
    </td>
  </tr>
</div>
`;
