// Jest Snapshot v1, https://goo.gl/fbAQLP

exports[`ReportIssue should render 1`] = `
<div>
  <div
    class="modal-header"
  >
    <div
      class="h4 modal-title"
    >
      Report an Issue
    </div>
    <button
      aria-label="Close"
      class="button-root close btn btn-secondary"
      type="button"
    >
      <svg
        class="lexicon-icon lexicon-icon-times icon-root"
        role="presentation"
      >
        <use
          href="#times"
        />
      </svg>
    </button>
  </div>
  <form
    class="form-root"
  >
    <div
      class="modal-body"
    >
      <div
        class="form-group"
      >
        <div
          class="form-group-item mb-4"
        >
          <div
            class=""
          >
            <label
              class="form-control-label label-root required"
              for="issueTitle"
            >
              <span
                class="content-container"
              >
                Issue Title
              </span>
            </label>
            <input
              class="input-root form-control"
              id="issueTitle"
              name="issueTitle"
              type="text"
              value=""
            />
          </div>
        </div>
        <div
          class="form-group-item"
        >
          <div
            class=""
          >
            <label
              class="form-control-label label-root required"
              for="description"
            >
              <span
                class="content-container"
              >
                Description
              </span>
            </label>
            <textarea
              class="input-root form-control"
              id="description"
              name="description"
              type="textarea"
            />
          </div>
        </div>
        <div
          class="form-group-item text-secondary"
        >
          Please include as many details as possible.
        </div>
      </div>
    </div>
    <div
      class="modal-footer"
    >
      <button
        class="button-root btn btn-secondary"
        type="button"
      >
        Cancel
      </button>
      <button
        class="button-root btn btn-primary"
        disabled=""
        type="submit"
      >
        Submit
      </button>
    </div>
  </form>
</div>
`;
