// Jest Snapshot v1, https://goo.gl/fbAQLP

exports[`EventChip render 1`] = `
<div>
  <div
    class="dropdown"
  >
    <div
      class="chip-root d-flex align-items-center justify-content-between event-chip-root"
    >
      <button
        class="button-root event-name btn btn-unstyled"
        type="button"
      >
        View Article
      </button>
      <button
        aria-label="Close"
        class="button-root remove-button btn btn-unstyled"
        type="button"
      >
        <svg
          class="lexicon-icon lexicon-icon-times-circle icon-root"
          role="presentation"
        >
          <use
            href="#times-circle"
          />
        </svg>
      </button>
    </div>
  </div>
</div>
`;
