// Jest Snapshot v1, https://goo.gl/fbAQLP

exports[`InfoCardPopover render 1`] = `
<div>
  <div
    class="info-card-popover-root"
  >
    <div
      class="filter-info-root"
    >
      <div
        class="filter-name d-flex align-items-center justify-content-between"
      >
        Test Name
        <button
          aria-label="Edit"
          class="button-root btn btn-outline-borderless btn-sm btn-outline-secondary"
          type="button"
        >
          <svg
            class="lexicon-icon lexicon-icon-pencil icon-root"
            role="presentation"
          >
            <use
              href="#pencil"
            />
          </svg>
        </button>
      </div>
      <div
        class="description"
      >
        Test description
      </div>
      <div
        class="label label-root label-info label-uppercase"
      >
        <span
          class="label-item"
        >
          String
        </span>
      </div>
    </div>
  </div>
</div>
`;
