// Jest Snapshot v1, https://goo.gl/fbAQLP

exports[`Interactions should render 1`] = `
<div>
  <form
    class="form-root"
  >
    <div
      class="interactions-root"
    >
      <div
        class="form-group"
      >
        <div
          class="form-group-item"
        >
          <div
            class=""
          >
            <label
              class="form-control-label label-root"
              for="runDataPeriod"
            >
              <span
                class="content-container"
              >
                <div>
                  Select Interaction Period
                  <div
                    class="secondary-info"
                  >
                    The interaction period requires a minimum of 1,000 events.
                  </div>
                </div>
              </span>
            </label>
            <select
              class="form-control select-root"
              id="runDataPeriod"
              name="runDataPeriod"
            >
              <option
                value="LAST_7_DAYS"
              >
                Last 7 days
              </option>
              <option
                value="LAST_30_DAYS"
              >
                Last 30 days
              </option>
              <option
                value="LAST_180_DAYS"
              >
                Last 180 days
              </option>
              <option
                value="LAST_365_DAYS"
              >
                Last Year
              </option>
            </select>
          </div>
        </div>
        <div
          class="form-group-item"
        >
          <div
            class="custom-control custom-checkbox custom-control-inline"
          >
            <label>
              <input
                class="custom-control-input"
                data-testid="include-previous-period-checkbox"
                form="[object Object]"
                name="includePreviousPeriod"
                type="checkbox"
                value="false"
              />
              <span
                class="custom-control-label"
              >
                <span
                  class="custom-control-label-text"
                >
                  Include previous periods in case of insufficient interactions.
                </span>
              </span>
            </label>
          </div>
          <span
            class="info-popover-root include-previous-period-help-icon"
          >
            <svg
              class="lexicon-icon lexicon-icon-question-circle-full icon-root"
              role="presentation"
            >
              <use
                href="#question-circle-full"
              />
            </svg>
          </span>
        </div>
      </div>
    </div>
  </form>
</div>
`;
