// Jest Snapshot v1, https://goo.gl/fbAQLP

exports[`Summary should render 1`] = `
<div>
  <form
    class="form-root"
  >
    <div
      class="summary-root"
    >
      <div
        class="title"
      >
        Summary
      </div>
      <table
        class="summary-table table table-autofit table-nowrap table-row-no-bordered"
      >
        <tbody>
          <tr>
            <td
              class="summary-name table-cell-expand"
            >
              Name
            </td>
            <td
              class="summary-value"
            >
              Test Name
            </td>
          </tr>
          <tr>
            <td
              class="summary-name table-cell-expand"
            >
              Model Type
            </td>
            <td
              class="summary-value"
            >
              Item Similarity
            </td>
          </tr>
          <tr>
            <td
              class="summary-name table-cell-expand"
            >
              Training Frequency
            </td>
            <td
              class="summary-value"
            >
              Run Manually
            </td>
          </tr>
          <tr>
            <td
              class="summary-name table-cell-expand"
            >
              Training Period
            </td>
            <td
              class="summary-value"
            >
              Last 30 days
            </td>
          </tr>
          <tr
            class="insufficient-events"
          >
            <td
              class="summary-name table-cell-expand"
            >
              <svg
                class="lexicon-icon lexicon-icon-warning-full icon-root"
                role="presentation"
              >
                <use
                  href="#warning-full"
                />
              </svg>
              <button
                class="button-root btn btn-unstyled"
                type="button"
              >
                Events (As of Today)
              </button>
            </td>
            <td
              class="summary-value"
            >
              <button
                class="button-root btn btn-unstyled"
                type="button"
              >
                0
              </button>
            </td>
          </tr>
          <tr>
            <td
              class="summary-name table-cell-expand"
            >
              Items (As of Today)
            </td>
            <td
              class="summary-value"
            >
              0
            </td>
          </tr>
        </tbody>
      </table>
      <div
        class="form-group"
      >
        <div
          class="form-group-item"
        >
          <div
            class="custom-control custom-checkbox custom-control-inline"
          >
            <label>
              <input
                class="custom-control-input"
                data-testid="auto-start-training-checkbox"
                form="[object Object]"
                name="runNow"
                type="checkbox"
                value="false"
              />
              <span
                class="custom-control-label"
              >
                <span
                  class="custom-control-label-text"
                >
                  Automatically Start Training
                </span>
              </span>
            </label>
          </div>
          <span
            class="info-popover-root auto-start-training-help-icon"
          >
            <svg
              class="lexicon-icon lexicon-icon-question-circle-full icon-root"
              role="presentation"
            >
              <use
                href="#question-circle-full"
              />
            </svg>
          </span>
        </div>
      </div>
    </div>
  </form>
</div>
`;
