// Jest Snapshot v1, https://goo.gl/fbAQLP

exports[`withAdminPermission should render the wrapped component 1`] = `
<div>
  <h1>
    Foobar
  </h1>
</div>
`;

exports[`withPermission should render an error page 1`] = `
<div>
  <div
    class="error-page-root page-container"
  >
    <h1>
      403
    </h1>
    <h3>
      Invalid Permission
    </h3>
    <p>
      You do not have permission to view this resource.
    </p>
    <a
      class="button-root btn btn-secondary"
      href="/"
    >
      Go to Home
    </a>
  </div>
</div>
`;

exports[`withPermission should render the wrapped component 1`] = `
<div>
  <h1>
    Foobar
  </h1>
</div>
`;
