// Jest Snapshot v1, https://goo.gl/fbAQLP

exports[`withQueryPagination should return initial values 1`] = `
<div>
  <div>
    6
    initial orderIOMap
    ASC
    13
    initial query
  </div>
</div>
`;

exports[`withQueryPagination should return pagination params from query params values 1`] = `
<div>
  <div>
    5
    name
    DESC
    1
    meow
  </div>
</div>
`;
