// Jest Snapshot v1, https://goo.gl/fbAQLP

exports[`Alert should render 1`] = `
<div>
  <div
    class="alert alert-info"
    role="alert"
  >
    <span
      class="alert-indicator"
    >
      <svg
        class="lexicon-icon lexicon-icon-info-circle icon-root"
        role="presentation"
      >
        <use
          href="#info-circle"
        />
      </svg>
    </span>
    <strong
      class="lead"
    >
      Info:
    </strong>
  </div>
</div>
`;
