// Jest Snapshot v1, https://goo.gl/fbAQLP

exports[`Checkbox should render 1`] = `
<div>
  <div
    class="custom-control custom-checkbox"
  >
    <label>
      <input
        class="custom-control-input"
        type="checkbox"
        value="false"
      />
      <span
        class="custom-control-label"
      />
    </label>
  </div>
</div>
`;
