// Jest Snapshot v1, https://goo.gl/fbAQLP

exports[`CodeSnippet should render 1`] = `
<div>
  <div
    class="code-snippet-root"
  >
    <button
      aria-label="Click to Copy"
      class="copy-button btn btn-secondary"
      data-clipboard-text="console.log(variable);"
      title="Click to Copy"
      type="button"
    >
      Copy
    </button>
    <code
      class="code-container"
    >
      console.log(variable);
    </code>
  </div>
</div>
`;
