// Jest Snapshot v1, https://goo.gl/fbAQLP

exports[`CollapsibleOverlay should render 1`] = `
<div>
  <div
    class="collapsible-overlay-root hidden"
    hidden=""
  >
    <div
      class="content-wrapper"
    >
      <div
        class="header"
      >
        <h3>
          foo title
        </h3>
        <button
          aria-label="Close"
          class="button-root btn btn-unstyled"
          type="button"
        >
          <svg
            class="lexicon-icon lexicon-icon-times icon-root"
            role="presentation"
          >
            <use
              href="#times"
            />
          </svg>
        </button>
      </div>
    </div>
  </div>
</div>
`;
