// Jest Snapshot v1, https://goo.gl/fbAQLP

exports[`CompositionLegend should render 1`] = `
<div>
  <ul
    class="legend-template composition-legend-root"
  >
    <li
      class="bb-legend-item three-columns"
    >
      <div
        class="legend-template-column d-flex align-items-baseline"
      >
        <span
          class="circle"
          style="background-color: blue;"
        />
        <span
          class="text-truncate"
          data-tooltip="false"
          title=""
        >
          foo
        </span>
      </div>
      <div
        class="legend-template-column justify-content-end"
      >
        25
      </div>
      <div
        class="legend-template-column justify-content-end"
      >
        <b>
          25%
        </b>
      </div>
    </li>
    <li
      class="bb-legend-item three-columns"
    >
      <div
        class="legend-template-column d-flex align-items-baseline"
      >
        <span
          class="circle"
          style="background-color: pink;"
        />
        <span
          class="text-truncate"
          data-tooltip="false"
          title=""
        >
          bar
        </span>
      </div>
      <div
        class="legend-template-column justify-content-end"
      >
        75
      </div>
      <div
        class="legend-template-column justify-content-end"
      >
        <b>
          75%
        </b>
      </div>
    </li>
  </ul>
</div>
`;
