// Jest Snapshot v1, https://goo.gl/fbAQLP

exports[`CopyButton should render 1`] = `
<div>
  <button
    aria-label="Click to Copy"
    class="button-root btn btn-secondary"
    data-clipboard-text="foo"
    title="Click to Copy"
    type="button"
  >
    <svg
      class="lexicon-icon lexicon-icon-copy icon-root"
      role="presentation"
    >
      <use
        href="#copy"
      />
    </svg>
  </button>
</div>
`;
