// Jest Snapshot v1, https://goo.gl/fbAQLP

exports[`DurationInput should render 1`] = `
<div>
  <input
    autocomplete="off"
    class="input-root form-control number-input"
    data-testid="duration-input"
    name="value"
    placeholder="HH:MM:SS"
    required=""
    type="string"
    value=""
  />
</div>
`;
