// Jest Snapshot v1, https://goo.gl/fbAQLP

exports[`EmbeddedAlertList should render 1`] = `
<div>
  <div
    class="embedded-alert-list-root"
  >
    <div
      class="alert alert-danger"
      role="alert"
    >
      <span
        class="alert-indicator"
      >
        <svg
          class="lexicon-icon lexicon-icon-exclamation-full icon-root"
          role="presentation"
        >
          <use
            href="#exclamation-full"
          />
        </svg>
      </span>
      <strong
        class="lead"
      >
        Test Title:
      </strong>
      foo bar
    </div>
  </div>
</div>
`;
