// Jest Snapshot v1, https://goo.gl/fbAQLP

exports[`ErrorDisplay should render 1`] = `
<div>
  <div
    class="error-display-root flex-grow-1 no-results-root flex-grow-1"
  >
    <div
      class="no-results-content"
    >
      <div
        class="h4 no-results-title"
      >
        An unexpected error occurred.
      </div>
    </div>
  </div>
</div>
`;
