// Jest Snapshot v1, https://goo.gl/fbAQLP

exports[`InfoPopover should render 1`] = `
<div>
  <span
    class="info-popover-root"
  >
    <svg
      class="lexicon-icon lexicon-icon-question-circle-full icon-root"
      role="presentation"
    >
      <use
        href="#question-circle-full"
      />
    </svg>
  </span>
</div>
`;
