// Jest Snapshot v1, https://goo.gl/fbAQLP

exports[`InfoCard should render 1`] = `
<div>
  <div
    class="card card-root info-card-root"
  >
    <div
      class="card-header"
    >
      <h5
        class="card-title"
      >
        foo
      </h5>
    </div>
    <div
      class="card-body"
    >
      <dl
        class="term-list"
      >
        <div
          class="term"
        >
          <dt>
            Name
          </dt>
          <dd>
            Test Test
          </dd>
        </div>
        <div
          class="term"
        >
          <dt>
            Description
          </dt>
          <dd>
            Test Test Description
          </dd>
        </div>
        <div
          class="term"
        >
          <dt>
            Shipping Address
          </dt>
          <dd>
            123 DB Lane Diamond Bar, CA 91765 USA
          </dd>
        </div>
      </dl>
    </div>
  </div>
</div>
`;
