// Jest Snapshot v1, https://goo.gl/fbAQLP

exports[`InputWithEditToggle should render 1`] = `
<div>
  <div
    class="input-with-edit-toggle-root definition-item-root"
  >
    <form
      class="form-root input-with-edit-toggle-editor"
    >
      <div
        class="form-group align-items-center form-group-autofit"
      >
        <div
          class=""
        >
          <div
            class="input-group content-after"
          >
            <div
              class="input-group-item"
            >
              <input
                class="input-root form-control"
                disabled=""
                id="name"
                name="name"
                type="text"
                value=""
              />
            </div>
            <div
              class="input-group-item input-group-item-shrink"
            >
              <button
                aria-label="Edit"
                class="button-root btn btn-sm btn-secondary"
                type="button"
              >
                <svg
                  class="lexicon-icon lexicon-icon-pencil icon-root"
                  role="presentation"
                >
                  <use
                    href="#pencil"
                  />
                </svg>
              </button>
            </div>
          </div>
        </div>
      </div>
    </form>
  </div>
</div>
`;
