// Jest Snapshot v1, https://goo.gl/fbAQLP

exports[`IntervalSelector should render 1`] = `
<div>
  <div
    class="interval-selector-root btn-group"
    role="group"
  >
    <button
      class="button-root interval-option text-uppercase active btn btn-sm btn-secondary"
      type="button"
    >
      D
    </button>
    <button
      class="button-root interval-option text-uppercase btn btn-sm btn-secondary"
      type="button"
    >
      W
    </button>
    <button
      class="button-root interval-option text-uppercase btn btn-sm btn-secondary"
      type="button"
    >
      M
    </button>
  </div>
</div>
`;
