// Jest Snapshot v1, https://goo.gl/fbAQLP

exports[`Legend should render a Legend component 1`] = `
<div>
  <ul
    class="chart-legend"
  >
    <li
      class="chart-legend-item"
    >
      <span
        class="circle"
        style="background-color: rgb(255, 255, 255); height: 8px; width: 8px;"
      />
       
       Legend 1
    </li>
    <li
      class="chart-legend-item"
    >
      <span
        class="circle"
        style="background-color: rgb(238, 238, 238); height: 8px; width: 8px;"
      />
       
       Legend 2
    </li>
    <li
      class="chart-legend-item"
    >
      <span
        class="circle"
        style="background-color: rgb(201, 201, 201); height: 8px; width: 8px;"
      />
       
       Legend 3
    </li>
  </ul>
</div>
`;
