// Jest Snapshot v1, https://goo.gl/fbAQLP

exports[`ListView should render 1`] = `
<div>
  <ul
    class="list-group list-group-root show-quick-actions-on-hover"
  >
    <li
      class="list-group-item list-group-item-flex"
    >
      foo item
    </li>
    <li
      class="list-group-item list-group-item-flex"
    >
      foo item
    </li>
    <li
      class="list-group-item list-group-item-flex"
    >
      foo item
    </li>
  </ul>
</div>
`;
