// Jest Snapshot v1, https://goo.gl/fbAQLP

exports[`Panel should render 1`] = `
<div>
  <div
    class="panel-root"
  >
    <div
      class="panel-header"
      role="button"
      tabindex="0"
    >
      <div
        class="panel-title"
      >
        Panel Title
      </div>
    </div>
  </div>
</div>
`;
