// Jest Snapshot v1, https://goo.gl/fbAQLP

exports[`ProgressTimeline should render 1`] = `
<div>
  <div
    class="timeline-root"
  >
    <div
      class="step previous-step"
    >
      <div
        class="title"
      >
        This is a really long title for this step
      </div>
      <div
        class="circle"
      >
        <svg
          class="lexicon-icon lexicon-icon-check icon-root"
          role="presentation"
        >
          <use
            href="#check"
          />
        </svg>
      </div>
    </div>
    <span
      class="bar filled"
    />
    <div
      class="step active"
    >
      <div
        class="title"
      >
        Step 2
      </div>
      <div
        class="circle"
      >
        2
      </div>
    </div>
    <span
      class="bar"
    />
    <div
      class="step"
    >
      <div
        class="title"
      >
        Step 3
      </div>
      <div
        class="circle"
      >
        3
      </div>
    </div>
    <span
      class="bar"
    />
    <div
      class="step"
    >
      <div
        class="title"
      >
        Step 4
      </div>
      <div
        class="circle"
      >
        4
      </div>
    </div>
  </div>
</div>
`;
