// Jest Snapshot v1, https://goo.gl/fbAQLP

exports[`ScrollableSection renders 1`] = `
<div>
  <div
    class="scrollable-section-root d-inline-flex"
  >
    <div
      class="scroll-container"
    >
      <ul>
        <li>
          test
        </li>
        <li>
          test 1
        </li>
        <li>
          test 2
        </li>
      </ul>
    </div>
  </div>
</div>
`;
