// Jest Snapshot v1, https://goo.gl/fbAQLP

exports[`SearchInput should render input 1`] = `
<div>
  <div
    class="input-group"
  >
    <div
      class="input-group-item"
    >
      <input
        class="input-root form-control input-group-inset input-group-inset-after"
        placeholder="Search"
        type="text"
        value=""
      />
      <div
        class="input-group-inset-item input-group-inset-item-after"
      >
        <button
          aria-label="Search"
          class="button-root btn btn-unstyled"
          type="button"
        >
          <svg
            class="lexicon-icon lexicon-icon-search icon-root"
            role="presentation"
          >
            <use
              href="#search"
            />
          </svg>
        </button>
      </div>
    </div>
  </div>
</div>
`;
