// Jest Snapshot v1, https://goo.gl/fbAQLP

exports[`Sticker should render 1`] = `
<div>
  <div
    class="sticker sticker-root sticker-static sticker-rounded"
  >
    <svg
      class="lexicon-icon lexicon-icon-file icon-root"
      role="presentation"
    >
      <use
        href="#file"
      />
    </svg>
  </div>
</div>
`;
