// Jest Snapshot v1, https://goo.gl/fbAQLP

exports[`CompositionCard should render 1`] = `
<div>
  <div
    class="card card-root composition-card-root"
    id="container.report.segmentCompositionCard"
  >
    <div
      class="card-header"
    >
      <h5
        class="card-title"
      >
        Segment Composition
      </h5>
    </div>
    <div
      class="card-body"
    >
      <div
        class="composition-chart-root"
      >
        <div
          class="chart-root"
        >
          <svg
            height="120px"
            width="120px"
          >
            <g
              transform="translate(60 60)"
            >
              <path
                d="M3.67394039744206e-15,-60A60,60,0,0,1,57.06339097770921,-18.541019662496844L44.699656265872214,-14.523798735622528A47,47,0,0,0,2.87791997799628e-15,-47Z"
                fill="#50D2A0"
              />
              <path
                d="M57.06339097770921,-18.541019662496844A60,60,0,1,1,-1.1021821192326178e-14,-60L-8.633759933988839e-15,-47A47,47,0,1,0,44.699656265872214,-14.523798735622528Z"
                fill="#F5F5F7"
              />
            </g>
            <g
              transform="translate(60 60)"
            >
              <path
                d="M2.6942229581241772e-15,-44A44,44,0,1,1,-1.684570227527858e-14,44L-1.1868562966673543e-14,31A31,31,0,1,0,1.8982025386783976e-15,-31Z"
                fill="#4B9BFF"
              />
              <path
                d="M-1.684570227527858e-14,44A44,44,0,1,1,3.099718159243298e-14,-44L2.1838923394668688e-14,-31A31,31,0,1,0,-1.1868562966673543e-14,31Z"
                fill="#F5F5F7"
              />
            </g>
          </svg>
        </div>
        <ul
          class="legend-template composition-legend-root"
        >
          <li
            class="bb-legend-item three-columns"
          >
            <div
              class="legend-template-column d-flex align-items-baseline"
            >
              <span
                class="circle"
                style="background-color: rgb(80, 210, 160);"
              />
              <span
                class="text-truncate"
                data-tooltip="false"
                title=""
              >
                Active Last 30 Days
              </span>
            </div>
            <div
              class="legend-template-column justify-content-end"
            >
              20
            </div>
            <div
              class="legend-template-column justify-content-end"
            >
              <b>
                20%
              </b>
            </div>
          </li>
          <li
            class="bb-legend-item three-columns"
          >
            <div
              class="legend-template-column d-flex align-items-baseline"
            >
              <span
                class="circle"
                style="background-color: rgb(75, 155, 255);"
              />
              <span
                class="text-truncate"
                data-tooltip="false"
                title=""
              >
                Known Members
              </span>
            </div>
            <div
              class="legend-template-column justify-content-end"
            >
              50
            </div>
            <div
              class="legend-template-column justify-content-end"
            >
              <b>
                50%
              </b>
            </div>
          </li>
        </ul>
      </div>
    </div>
  </div>
</div>
`;
