// Jest Snapshot v1, https://goo.gl/fbAQLP

exports[`IndividualDetailsCard should render 1`] = `
<div>
  <div
    class="card card-root individual-details-card-root"
  >
    <div
      class="card-body"
    >
      <div
        class="sticker sticker-root sticker-static avatar-root sticker-circle sticker-chartRed sticker-xl"
      >
        FB
      </div>
      <div
        class="h4"
      >
        Foo Bar
      </div>
      <div
        class="job-title"
      >
        Developer
      </div>
      <div
        class="first-seen"
      >
        First Seen: July 9, 2018
      </div>
    </div>
    <div
      class="card-footer"
    >
      <a
        class="button-root btn btn-outline-borderless btn-sm btn-outline-secondary"
        href="/workspace/23/contacts/individuals/known-individuals/0/details"
      >
        View All Details
        <svg
          class="lexicon-icon lexicon-icon-angle-right-small icon-root ml-2"
          role="presentation"
        >
          <use
            href="#angle-right-small"
          />
        </svg>
      </a>
    </div>
  </div>
</div>
`;
