// Jest Snapshot v1, https://goo.gl/fbAQLP

exports[`BaseCard should render component 1`] = `
<div>
  <div
    class="card card-root my-component-classname"
  >
    <div
      class="card-header align-items-center d-flex justify-content-between"
    >
      <h5
        class="card-title"
      >
        My title
      </h5>
      <div
        class="d-flex"
      >
        <span
          aria-hidden="true"
          class="loading-root loading-animation"
        />
      </div>
    </div>
    <div>
      My body component
    </div>
  </div>
</div>
`;
