// Jest Snapshot v1, https://goo.gl/fbAQLP

exports[`ToggleSwitch should render 1`] = `
<div>
  <label
    class="toggle-switch toggle-switch-root"
  >
    <input
      class="toggle-switch-check"
      data-testid="toggle-switch-input"
      type="checkbox"
      value="false"
    />
    <span
      aria-hidden="true"
      class="toggle-switch-bar"
    >
      <span
        class="toggle-switch-handle"
      />
    </span>
  </label>
</div>
`;
