// Jest Snapshot v1, https://goo.gl/fbAQLP

exports[`DurationFilter should render 1`] = `
<div>
  <form
    class="form-root"
  >
    <div
      class="options-body"
    >
      <div
        class="form-group form-group-autofit"
      >
        <div
          class="form-group-item"
        >
          <div
            class=""
          >
            <label
              class="form-control-label label-root"
              for="operator"
            >
              <span
                class="content-container"
              >
                Condition
              </span>
            </label>
            <select
              class="form-control select-root"
              id="operator"
              name="operator"
            >
              <option
                value="gt"
              >
                is greater than
              </option>
              <option
                value="lt"
              >
                is less than
              </option>
            </select>
          </div>
        </div>
      </div>
      <div
        class="form-group form-group-autofit"
      >
        <div
          class="form-group-item"
        >
          <div
            class=""
          >
            <input
              autocomplete="off"
              class="input-root form-control"
              id="value"
              name="value"
              placeholder="HH:MM:SS"
              type="string"
              value=""
            />
          </div>
        </div>
      </div>
    </div>
    <div
      class="options-footer"
    >
      <button
        class="button-root btn btn-block btn-primary"
        disabled=""
        type="submit"
      >
        Done
      </button>
    </div>
  </form>
</div>
`;
