// Jest Snapshot v1, https://goo.gl/fbAQLP

exports[`Filter should render 1`] = `
<div>
  <div
    class="analytics-filter"
  >
    <div
      class="analytics-dropdown dropdown btn-group border-0"
    >
      <button
        aria-label="Dropdown Filter"
        class="dropdown-toggle btn-outline-borderless btn btn-sm btn-secondary"
        type="button"
      >
        Filter
        <svg
          class="lexicon-icon lexicon-icon-caret-bottom icon-root ml-2"
          role="presentation"
        >
          <use
            href="#caret-bottom"
          />
        </svg>
      </button>
    </div>
    <div
      class="analytics-dropdown-menu dropdown-menu dropdown-menu-indicator-end"
    >
      <ul
        class="list-unstyled"
      >
        <li>
          <button
            class="dropdown-item "
            href="javascript:;"
          >
            <span
              class="text-truncate"
              data-tooltip="false"
              title=""
            >
              Location
            </span>
            <div
              class="dropdown-item-indicator"
            >
              <span
                class="badge badge-secondary"
              >
                <span
                  class="badge-item badge-item-expand"
                >
                  156
                </span>
              </span>
              <svg
                class="lexicon-icon lexicon-icon-angle-right-small icon-root ml-1"
                role="presentation"
              >
                <use
                  href="#angle-right-small"
                />
              </svg>
            </div>
          </button>
        </li>
        <li>
          <button
            class="dropdown-item "
            href="javascript:;"
          >
            <span
              class="text-truncate"
              data-tooltip="false"
              title=""
            >
              Devices
            </span>
          </button>
        </li>
      </ul>
    </div>
    <div
      class="analytics-applied-filters d-inline-flex align-items-center"
    />
  </div>
</div>
`;
