// Jest Snapshot v1, https://goo.gl/fbAQLP

exports[`Search should render 1`] = `
<div>
  <div
    class="settings-base-page-root"
  >
    <div
      class="maintenance-alert-root"
    />
    <ol
      class="breadcrumb breadcrumbs-root"
    >
      <li
        class="breadcrumb-item"
      >
        <a
          class="breadcrumb-text-truncate breadcrumb-link"
          href="/workspace/23/settings/definitions"
        >
          Definitions
        </a>
      </li>
      <li
        class="breadcrumb-item active"
      >
        <span
          class="breadcrumb-text-truncate"
        >
          Search
        </span>
      </li>
    </ol>
    <div
      class="content-header"
    >
      <div
        class="header-text"
      >
        <div
          class="d-flex"
        >
          <h3
            class="title-text text-truncate"
          >
            <span
              class="text-truncate"
              data-tooltip="false"
              title=""
            >
              Search
            </span>
          </h3>
        </div>
        <div
          class="description"
        >
          Collect your property's search data by defining search query parameters.
        </div>
      </div>
      <div
        class="page-actions-container"
      />
    </div>
    <div>
      <div
        class="card card-root query-card-root"
      >
        <div
          class="card-header mb-1"
        >
          <h5
            class="card-title"
          >
            Query String
          </h5>
        </div>
        <div
          class="card-body"
        >
          <form
            class="form-root"
          >
            <div
              class="form-inline mb-3"
            >
              <div
                class="query-input"
              >
                <input
                  class="input-root form-control"
                  disabled=""
                  id="defaultQueryString"
                  name="defaultQueryString"
                  type="text"
                  value="q"
                />
              </div>
            </div>
            <div
              class="form-inline mb-3"
            >
              <div
                class="query-input"
              >
                <input
                  class="input-root form-control"
                  id="queryStringList.0"
                  name="queryStringList.0"
                  type="text"
                  value="jackson"
                />
              </div>
              <button
                aria-label="Delete"
                class="button-root ml-1 btn btn-outline-borderless btn-outline-secondary"
                type="button"
              >
                <svg
                  class="lexicon-icon lexicon-icon-trash icon-root"
                  role="presentation"
                >
                  <use
                    href="#trash"
                  />
                </svg>
              </button>
              <button
                aria-label="Add"
                class="button-root ml-1 btn btn-outline-borderless btn-outline-secondary"
                type="button"
              >
                <svg
                  class="lexicon-icon lexicon-icon-plus icon-root"
                  role="presentation"
                >
                  <use
                    href="#plus"
                  />
                </svg>
              </button>
            </div>
            <div
              class="mt-4"
            >
              <button
                class="button-root btn btn-primary"
                disabled=""
                type="submit"
              >
                Save
              </button>
              <button
                class="button-root ml-4 btn btn-secondary"
                type="button"
              >
                Cancel
              </button>
            </div>
          </form>
        </div>
      </div>
    </div>
  </div>
</div>
`;
