// Jest Snapshot v1, https://goo.gl/fbAQLP

exports[`DatePicker should render 1`] = `
<div>
  <div
    aria-disabled="false"
    class="date-picker-root"
  >
    <div
      class="controls"
    >
      <div
        class="month-toggle-wrapper"
      >
        <select
          class="date-picker-select-root form-control"
        >
          <option
            value="January"
          >
            January
          </option>
          <option
            value="February"
          >
            February
          </option>
          <option
            value="March"
          >
            March
          </option>
          <option
            value="April"
          >
            April
          </option>
          <option
            value="May"
          >
            May
          </option>
          <option
            value="June"
          >
            June
          </option>
          <option
            value="July"
          >
            July
          </option>
          <option
            value="August"
          >
            August
          </option>
          <option
            value="September"
          >
            September
          </option>
          <option
            value="October"
          >
            October
          </option>
          <option
            value="November"
          >
            November
          </option>
          <option
            value="December"
          >
            December
          </option>
        </select>
        <select
          class="date-picker-select-root form-control"
        >
          <option
            value="1975"
          >
            1975
          </option>
          <option
            value="1974"
          >
            1974
          </option>
          <option
            value="1973"
          >
            1973
          </option>
          <option
            value="1972"
          >
            1972
          </option>
          <option
            value="1971"
          >
            1971
          </option>
          <option
            value="1970"
          >
            1970
          </option>
        </select>
      </div>
      <button
        class="button-root btn btn-secondary btn-monospaced btn-sm"
        disabled=""
        type="button"
      >
        <svg
          class="icon-root lexicon-icon lexicon-icon-angle-left"
          viewBox=""
        >
          <use
            xlink:href="#angle-left"
          />
        </svg>
      </button>
      <button
        class="button-root btn btn-secondary current-day-btn btn-monospaced btn-sm"
        disabled=""
        type="button"
      >
        •
      </button>
      <button
        class="button-root btn btn-secondary btn-monospaced btn-sm"
        data-testid="next-month"
        type="button"
      >
        <svg
          class="icon-root lexicon-icon lexicon-icon-angle-right"
          viewBox=""
        >
          <use
            xlink:href="#angle-right"
          />
        </svg>
      </button>
    </div>
    <div
      class="picker-body"
    >
      <table
        class="calendar-root"
      >
        <thead>
          <tr>
            <th>
              Sun
            </th>
            <th>
              Mon
            </th>
            <th>
              Tue
            </th>
            <th>
              Wed
            </th>
            <th>
              Thu
            </th>
            <th>
              Fri
            </th>
            <th>
              Sat
            </th>
          </tr>
        </thead>
        <tbody>
          <tr>
            <td
              class=""
            >
              <div
                class="day-container"
              >
                <button
                  class="button-root btn btn-unstyled day-root outside-month"
                  disabled=""
                  type="button"
                >
                  28
                </button>
              </div>
            </td>
            <td
              class=""
            >
              <div
                class="day-container"
              >
                <button
                  class="button-root btn btn-unstyled day-root outside-month"
                  disabled=""
                  type="button"
                >
                  29
                </button>
              </div>
            </td>
            <td
              class=""
            >
              <div
                class="day-container"
              >
                <button
                  class="button-root btn btn-unstyled day-root outside-month"
                  disabled=""
                  type="button"
                >
                  30
                </button>
              </div>
            </td>
            <td
              class=""
            >
              <div
                class="day-container"
              >
                <button
                  class="button-root btn btn-unstyled day-root outside-month"
                  disabled=""
                  type="button"
                >
                  31
                </button>
              </div>
            </td>
            <td
              class=""
            >
              <div
                class="day-container"
              >
                <button
                  class="button-root btn btn-unstyled day-root selected"
                  type="button"
                >
                  1
                </button>
              </div>
            </td>
            <td
              class=""
            >
              <div
                class="day-container"
              >
                <button
                  class="button-root btn btn-unstyled day-root"
                  type="button"
                >
                  2
                </button>
              </div>
            </td>
            <td
              class=""
            >
              <div
                class="day-container"
              >
                <button
                  class="button-root btn btn-unstyled day-root"
                  type="button"
                >
                  3
                </button>
              </div>
            </td>
          </tr>
          <tr>
            <td
              class=""
            >
              <div
                class="day-container"
              >
                <button
                  class="button-root btn btn-unstyled day-root"
                  type="button"
                >
                  4
                </button>
              </div>
            </td>
            <td
              class=""
            >
              <div
                class="day-container"
              >
                <button
                  class="button-root btn btn-unstyled day-root"
                  type="button"
                >
                  5
                </button>
              </div>
            </td>
            <td
              class=""
            >
              <div
                class="day-container"
              >
                <button
                  class="button-root btn btn-unstyled day-root"
                  type="button"
                >
                  6
                </button>
              </div>
            </td>
            <td
              class=""
            >
              <div
                class="day-container"
              >
                <button
                  class="button-root btn btn-unstyled day-root"
                  type="button"
                >
                  7
                </button>
              </div>
            </td>
            <td
              class=""
            >
              <div
                class="day-container"
              >
                <button
                  class="button-root btn btn-unstyled day-root"
                  type="button"
                >
                  8
                </button>
              </div>
            </td>
            <td
              class=""
            >
              <div
                class="day-container"
              >
                <button
                  class="button-root btn btn-unstyled day-root"
                  type="button"
                >
                  9
                </button>
              </div>
            </td>
            <td
              class=""
            >
              <div
                class="day-container"
              >
                <button
                  class="button-root btn btn-unstyled day-root"
                  type="button"
                >
                  10
                </button>
              </div>
            </td>
          </tr>
          <tr>
            <td
              class=""
            >
              <div
                class="day-container"
              >
                <button
                  class="button-root btn btn-unstyled day-root"
                  type="button"
                >
                  11
                </button>
              </div>
            </td>
            <td
              class=""
            >
              <div
                class="day-container"
              >
                <button
                  class="button-root btn btn-unstyled day-root"
                  type="button"
                >
                  12
                </button>
              </div>
            </td>
            <td
              class=""
            >
              <div
                class="day-container"
              >
                <button
                  class="button-root btn btn-unstyled day-root"
                  type="button"
                >
                  13
                </button>
              </div>
            </td>
            <td
              class=""
            >
              <div
                class="day-container"
              >
                <button
                  class="button-root btn btn-unstyled day-root"
                  type="button"
                >
                  14
                </button>
              </div>
            </td>
            <td
              class=""
            >
              <div
                class="day-container"
              >
                <button
                  class="button-root btn btn-unstyled day-root"
                  type="button"
                >
                  15
                </button>
              </div>
            </td>
            <td
              class=""
            >
              <div
                class="day-container"
              >
                <button
                  class="button-root btn btn-unstyled day-root"
                  type="button"
                >
                  16
                </button>
              </div>
            </td>
            <td
              class=""
            >
              <div
                class="day-container"
              >
                <button
                  class="button-root btn btn-unstyled day-root"
                  type="button"
                >
                  17
                </button>
              </div>
            </td>
          </tr>
          <tr>
            <td
              class=""
            >
              <div
                class="day-container"
              >
                <button
                  class="button-root btn btn-unstyled day-root"
                  type="button"
                >
                  18
                </button>
              </div>
            </td>
            <td
              class=""
            >
              <div
                class="day-container"
              >
                <button
                  class="button-root btn btn-unstyled day-root"
                  type="button"
                >
                  19
                </button>
              </div>
            </td>
            <td
              class=""
            >
              <div
                class="day-container"
              >
                <button
                  class="button-root btn btn-unstyled day-root"
                  type="button"
                >
                  20
                </button>
              </div>
            </td>
            <td
              class=""
            >
              <div
                class="day-container"
              >
                <button
                  class="button-root btn btn-unstyled day-root"
                  type="button"
                >
                  21
                </button>
              </div>
            </td>
            <td
              class=""
            >
              <div
                class="day-container"
              >
                <button
                  class="button-root btn btn-unstyled day-root"
                  type="button"
                >
                  22
                </button>
              </div>
            </td>
            <td
              class=""
            >
              <div
                class="day-container"
              >
                <button
                  class="button-root btn btn-unstyled day-root"
                  type="button"
                >
                  23
                </button>
              </div>
            </td>
            <td
              class=""
            >
              <div
                class="day-container"
              >
                <button
                  class="button-root btn btn-unstyled day-root"
                  type="button"
                >
                  24
                </button>
              </div>
            </td>
          </tr>
          <tr>
            <td
              class=""
            >
              <div
                class="day-container"
              >
                <button
                  class="button-root btn btn-unstyled day-root"
                  type="button"
                >
                  25
                </button>
              </div>
            </td>
            <td
              class=""
            >
              <div
                class="day-container"
              >
                <button
                  class="button-root btn btn-unstyled day-root"
                  type="button"
                >
                  26
                </button>
              </div>
            </td>
            <td
              class=""
            >
              <div
                class="day-container"
              >
                <button
                  class="button-root btn btn-unstyled day-root"
                  type="button"
                >
                  27
                </button>
              </div>
            </td>
            <td
              class=""
            >
              <div
                class="day-container"
              >
                <button
                  class="button-root btn btn-unstyled day-root"
                  type="button"
                >
                  28
                </button>
              </div>
            </td>
            <td
              class=""
            >
              <div
                class="day-container"
              >
                <button
                  class="button-root btn btn-unstyled day-root"
                  type="button"
                >
                  29
                </button>
              </div>
            </td>
            <td
              class=""
            >
              <div
                class="day-container"
              >
                <button
                  class="button-root btn btn-unstyled day-root"
                  type="button"
                >
                  30
                </button>
              </div>
            </td>
            <td
              class=""
            >
              <div
                class="day-container"
              >
                <button
                  class="button-root btn btn-unstyled day-root"
                  type="button"
                >
                  31
                </button>
              </div>
            </td>
          </tr>
        </tbody>
      </table>
    </div>
  </div>
</div>
`;
