// Jest Snapshot v1, https://goo.gl/fbAQLP

exports[`TimeSelector should render 1`] = `
<div>
  <div
    class="time-selector-root"
  >
    <svg
      class="lexicon-icon lexicon-icon-time icon-root"
      role="presentation"
    >
      <use
        href="#time"
      />
    </svg>
    <input
      class="input-root form-control"
      type="time"
      value="2020-08-30T21:00:00Z"
    />
    <div
      class="time-zone"
    >
      (GMT +00:00)
    </div>
  </div>
</div>
`;
