// Jest Snapshot v1, https://goo.gl/fbAQLP

exports[`CSVPreviewModal should render 1`] = `
<div>
  <div
    aria-modal="true"
    class="modal-dialog csv-preview-modal-root modal-lg"
    role="dialog"
  >
    <div
      class="modal-content"
    >
      <div
        class="modal-header"
      >
        <div
          class="h4 modal-title"
        >
          Data Preview ""
        </div>
        <button
          aria-label="Close"
          class="button-root close btn btn-secondary"
          type="button"
        >
          <svg
            class="lexicon-icon lexicon-icon-times icon-root"
            role="presentation"
          >
            <use
              href="#times"
            />
          </svg>
        </button>
      </div>
      <div
        class="modal-body"
      >
        <div
          class="table-responsive"
        >
          <table
            class="table table-autofit show-quick-actions-on-hover table-hover table-list table-head-bordered table-striped"
          >
            <thead>
              <tr
                class=""
              >
                <th
                  class="table-cell-expand"
                >
                  email
                </th>
                <th
                  class="table-cell-expand"
                >
                  familyName
                </th>
                <th
                  class="table-cell-expand"
                >
                  givenName
                </th>
              </tr>
            </thead>
            <tbody>
              <tr
                class=""
              >
                <td
                  class=""
                >
                  test@liferay.com
                </td>
                <td
                  class=""
                >
                  Bloggs
                </td>
                <td
                  class=""
                >
                  Joe
                </td>
              </tr>
            </tbody>
          </table>
        </div>
      </div>
    </div>
  </div>
</div>
`;
