// Jest Snapshot v1, https://goo.gl/fbAQLP

exports[`EditEmailReportsModal should render 1`] = `
<div>
  <div
    aria-modal="true"
    class="modal-dialog"
    role="dialog"
  >
    <div
      class="modal-content"
    >
      <div
        class="modal-header"
      >
        <div
          class="h4 modal-title"
        >
          Configure Email Reports
        </div>
      </div>
      <form
        class="form-root"
      >
        <div
          class="modal-body"
        >
          <div
            class="form-group align-items-center d-flex form-group-autofit"
          >
            <div>
              <div
                class="font-weight-semibold mb-2"
              >
                Enable Email Reports
              </div>
              <div
                class="text-secondary"
              >
                Enable email reports to configure how frequently you would like to receive notifications about this property activities. Other users will not be affected by this action.
              </div>
            </div>
            <div>
              <div
                class="form-group-item ml-3"
              >
                <label
                  class="toggle-switch toggle-switch-root"
                  for="enabled"
                >
                  <input
                    class="toggle-switch-check"
                    data-testid="toggle-switch-input"
                    id="enabled"
                    name="enabled"
                    type="checkbox"
                    value="false"
                  />
                  <span
                    aria-hidden="true"
                    class="toggle-switch-bar"
                  >
                    <span
                      class="toggle-switch-handle"
                    />
                  </span>
                </label>
              </div>
            </div>
          </div>
          <div
            class="form-group form-group-autofit"
          >
            <div
              class="form-group-item"
            >
              <div
                class=""
              >
                <label
                  class="form-control-label label-root"
                  for="frequency"
                >
                  <span
                    class="content-container"
                  >
                    Frequency
                  </span>
                </label>
                <select
                  class="form-control select-root"
                  disabled=""
                  id="frequency"
                  name="frequency"
                >
                  <option
                    value="daily"
                  >
                    Daily
                  </option>
                  <option
                    value="weekly"
                  >
                    Weekly
                  </option>
                  <option
                    value="monthly"
                  >
                    Monthly
                  </option>
                </select>
              </div>
            </div>
          </div>
        </div>
        <div
          class="modal-footer"
        >
          <button
            class="button-root btn btn-secondary"
            type="button"
          >
            Cancel
          </button>
          <button
            class="button-root btn btn-primary"
            disabled=""
            type="submit"
          >
            Save
          </button>
        </div>
      </form>
    </div>
  </div>
</div>
`;
