// Jest Snapshot v1, https://goo.gl/fbAQLP

exports[`LoadingModal should render 1`] = `
<div>
  <div
    aria-modal="true"
    class="modal-dialog loading-modal-root modal-sm"
    role="dialog"
  >
    <div
      class="modal-content"
    >
      <div
        class="icon-container"
      >
        <span
          aria-hidden="true"
          class="loading-root center loading-animation"
        />
      </div>
      <p
        class="message"
      >
        Loading
      </p>
    </div>
  </div>
</div>
`;
