// Jest Snapshot v1, https://goo.gl/fbAQLP

exports[`ManuallyRetrainModelModal should render 1`] = `
<div>
  <div
    aria-modal="true"
    class="modal-dialog manually-retrain-model-modal-root"
    role="dialog"
  >
    <div
      class="modal-content"
    >
      <div
        class="modal-header"
      >
        <div
          class="h4 modal-title"
        >
          Manually Retrain Model
        </div>
      </div>
      <form
        class="form-root"
      >
        <div
          class="modal-body"
        >
          <div
            class="description"
          >
            Select an interaction period for the selected items.
          </div>
          <div
            class="form-group"
          >
            <div
              class="form-group-item"
            >
              <div
                class=""
              >
                <label
                  class="form-control-label label-root"
                  for="runDataPeriod"
                >
                  <span
                    class="content-container"
                  >
                    Select Interaction Period
                  </span>
                </label>
                <select
                  class="form-control select-root"
                  id="runDataPeriod"
                  name="runDataPeriod"
                >
                  <option
                    value="LAST_7_DAYS"
                  >
                    Last 7 days
                  </option>
                  <option
                    value="LAST_30_DAYS"
                  >
                    Last 30 days
                  </option>
                  <option
                    value="LAST_180_DAYS"
                  >
                    Last 180 days
                  </option>
                  <option
                    value="LAST_365_DAYS"
                  >
                    Last Year
                  </option>
                </select>
              </div>
            </div>
          </div>
          <div
            class="training-allowance"
          >
            <div
              class="title"
            >
              Monthly Training Allowance
            </div>
            <div
              class="d-flex"
            >
              Scheduled:
              <span
                class="count"
              >
                3
              </span>
            </div>
            <div
              class="d-flex"
            >
              Remaining:
              <span
                class="count"
              >
                3
              </span>
            </div>
          </div>
        </div>
        <div
          class="modal-footer"
        >
          <button
            class="button-root btn btn-secondary"
            type="button"
          >
            Cancel
          </button>
          <button
            class="button-root btn btn-primary"
            type="button"
          >
            Retrain
          </button>
        </div>
      </form>
    </div>
  </div>
</div>
`;
