// Jest Snapshot v1, https://goo.gl/fbAQLP

exports[`Conjunction should render 1`] = `
<div>
  <div
    class="conjunction-container"
  >
    <button
      class="button-root conjunction-button conjunction-label btn btn-sm btn-secondary"
      type="button"
    >
      And
    </button>
    <div
      class="separator"
    />
  </div>
</div>
`;
