// Jest Snapshot v1, https://goo.gl/fbAQLP

exports[`DistributionCard Tabs renders 1`] = `
<div>
  <div
    class="tabs-root d-flex align-items-center justify-content-between"
  >
    <div
      class="scrollable-section-root d-inline-flex"
    >
      <div
        class="scroll-container"
      >
        <ul
          class="d-flex"
        >
          <li
            class="tab-item d-flex align-items-baseline active"
          >
            <div
              class="tab-title active"
            >
              Tab 1
              <button
                aria-label="Close"
                class="button-root remove-tab btn btn-sm btn-unstyled"
                type="button"
              >
                <svg
                  class="lexicon-icon lexicon-icon-times icon-root icon-size-sm"
                  role="presentation"
                >
                  <use
                    href="#times"
                  />
                </svg>
              </button>
            </div>
          </li>
        </ul>
      </div>
    </div>
    <button
      aria-label="Add"
      class="button-root add-tab btn btn-monospaced btn-outline-borderless btn-sm btn-outline-secondary"
      type="button"
    >
      <svg
        class="lexicon-icon lexicon-icon-plus"
        role="presentation"
      >
        <use
          href="#plus"
        />
      </svg>
    </button>
  </div>
</div>
`;
