// Jest Snapshot v1, https://goo.gl/fbAQLP

exports[`BaseConfigurationOverview should render 1`] = `
<div>
  <div
    class="configuration-overview-root"
  >
    <h3
      class="sheet-subtitle"
    >
      Data Configuration
    </h3>
    <div
      class="base-configuration-item-root"
    >
      <div
        class="actions"
      >
        <a
          class="button-root btn btn-block btn-secondary"
        >
          Configure
        </a>
      </div>
      <div
        class="info"
      >
        <div
          class="title"
        >
          <b>
            foo title
          </b>
        </div>
        <div
          class="text-secondary"
        >
          <div
            class="description"
          >
            foo description
          </div>
          
        </div>
      </div>
    </div>
  </div>
</div>
`;
