// Jest Snapshot v1, https://goo.gl/fbAQLP

exports[`DataSourceStatus should render 1`] = `
<div>
  <div
    class="panel-root data-source-status-root"
  >
    <div
      class="panel-header"
      role="button"
      tabindex="0"
    >
      <div
        class="panel-title"
      >
        <div>
          Current Status:
        </div>
      </div>
      <div
        class="panel-title-label"
      >
        <div
          class="label label-root label-info label-lg label-uppercase"
        >
          <span
            class="label-item"
          >
            foo
          </span>
        </div>
      </div>
    </div>
    <div
      class="panel-body"
    >
      bar
    </div>
  </div>
</div>
`;
