// Jest Snapshot v1, https://goo.gl/fbAQLP

exports[`FilterOptions should render 1`] = `
<div>
  <div
    class="attribute-options"
  >
    <div
      class="options-header"
    >
      <button
        class="button-root back-to-attributes-button btn btn-sm btn-unstyled"
        type="button"
      >
        <svg
          class="lexicon-icon lexicon-icon-angle-left-small icon-root mr-2"
          role="presentation"
        >
          <use
            href="#angle-left-small"
          />
        </svg>
        Back To Attributes
      </button>
      <div
        class="filter-info-root"
      >
        <div
          class="filter-name d-flex align-items-center justify-content-between"
        >
          Filed Ticket
          <button
            aria-label="Edit"
            class="button-root btn btn-outline-borderless btn-sm btn-outline-secondary"
            type="button"
          >
            <svg
              class="lexicon-icon lexicon-icon-pencil icon-root"
              role="presentation"
            >
              <use
                href="#pencil"
              />
            </svg>
          </button>
        </div>
        <div
          class="label label-root label-info label-uppercase"
        >
          <span
            class="label-item"
          >
            Date
          </span>
        </div>
      </div>
    </div>
    <form
      class="form-root"
    >
      <div
        class="options-body"
      >
        <div
          class="form-group form-group-autofit"
        >
          <div
            class="form-group-item"
          >
            <div
              class=""
            >
              <label
                class="form-control-label label-root"
                for="dateGrouping"
              >
                <span
                  class="content-container"
                >
                  Group Dates By
                </span>
              </label>
              <select
                class="form-control select-root"
                id="dateGrouping"
                name="dateGrouping"
                type="string"
              >
                <option
                  value="DAY"
                >
                  Date
                </option>
                <option
                  value="MONTH"
                >
                  Month
                </option>
                <option
                  value="YEAR"
                >
                  Year
                </option>
              </select>
            </div>
          </div>
        </div>
      </div>
      <div
        class="options-footer"
      >
        <button
          class="button-root btn btn-block btn-primary"
          type="submit"
        >
          Done
        </button>
      </div>
    </form>
  </div>
</div>
`;
