// Jest Snapshot v1, https://goo.gl/fbAQLP

exports[`DateBreakdown should render 1`] = `
<div>
  <form
    class="form-root"
  >
    <div
      class="options-body"
    >
      <div
        class="form-group form-group-autofit"
      >
        <div
          class="form-group-item"
        >
          <div
            class=""
          >
            <label
              class="form-control-label label-root"
              for="dateGrouping"
            >
              <span
                class="content-container"
              >
                Group Dates By
              </span>
            </label>
            <select
              class="form-control select-root"
              id="dateGrouping"
              name="dateGrouping"
              type="string"
            >
              <option
                value="DAY"
              >
                Date
              </option>
              <option
                value="MONTH"
              >
                Month
              </option>
              <option
                value="YEAR"
              >
                Year
              </option>
            </select>
          </div>
        </div>
      </div>
    </div>
    <div
      class="options-footer"
    >
      <button
        class="button-root btn btn-block btn-primary"
        type="submit"
      >
        Done
      </button>
    </div>
  </form>
</div>
`;
