// Jest Snapshot v1, https://goo.gl/fbAQLP

exports[`NumberBreakdown should render 1`] = `
<div>
  <form
    class="form-root"
  >
    <div
      class="options-body"
    >
      <div
        class="form-group form-group-autofit"
      >
        <div
          class="form-group-item"
        >
          <div
            class=""
          >
            <label
              class="form-control-label label-root"
              for="binSize"
            >
              <span
                class="content-container"
              >
                Group Numbers By
              </span>
            </label>
            <input
              class="input-root form-control"
              id="binSize"
              name="binSize"
              step="any"
              type="number"
              value="10"
            />
          </div>
        </div>
      </div>
    </div>
    <div
      class="options-footer"
    >
      <button
        class="button-root btn btn-block btn-primary"
        type="submit"
      >
        Done
      </button>
    </div>
  </form>
</div>
`;
