// Jest Snapshot v1, https://goo.gl/fbAQLP

exports[`subscriptions formatPlanData should format the plan data when faroSusbcription is null 1`] = `
Immutable.Record {
  "addOns": Immutable.Map {},
  "endDate": undefined,
  "metrics": Immutable.Map {
    "individuals": Immutable.Record {
      "count": 0,
      "limit": 0,
      "status": 0,
    },
    "pageViews": Immutable.Record {
      "count": 0,
      "limit": 0,
      "status": 0,
    },
    "syncedIndividualsCount": undefined,
  },
  "name": undefined,
  "startDate": undefined,
}
`;
