// Jest Snapshot v1, https://goo.gl/fbAQLP

exports[`SalesforceConfigurationOverview should render 1`] = `
<div>
  <div
    class="configuration-overview-root"
  >
    <h3
      class="sheet-subtitle"
    >
      Data Configuration
    </h3>
    <div
      class="base-configuration-item-root"
    >
      <div
        class="actions"
      >
        <a
          class="button-root btn btn-block btn-secondary"
          display="secondary"
          href="/workspace/23/settings/data-source/test/salesforce/field-mapping/accounts"
        >
          View
        </a>
      </div>
      <div
        class="info"
      >
        <div
          class="title"
        >
          <b>
            Accounts
          </b>
        </div>
        <div
          class="text-secondary"
        >
          <div
            class="description"
          >
            Represents an organization or person involved with your business.
          </div>
          
        </div>
      </div>
    </div>
    <div
      class="base-configuration-item-root"
    >
      <div
        class="actions"
      >
        <a
          class="button-root btn btn-block btn-secondary"
          display="secondary"
          href="/workspace/23/settings/data-source/test/salesforce/field-mapping/individuals"
        >
          View
        </a>
      </div>
      <div
        class="info"
      >
        <div
          class="title"
        >
          <b>
            Individuals
          </b>
        </div>
        <div
          class="text-secondary"
        >
          <div
            class="description"
          >
            Represented by a contact or lead within Salesforce.
          </div>
          
        </div>
      </div>
    </div>
  </div>
</div>
`;
