// Jest Snapshot v1, https://goo.gl/fbAQLP

exports[`BaseDropdownHeader should render 1`] = `
<div>
  <div
    class="event-analysis-dropdown-header"
  >
    <div
      class="event-analysis-dropdown-header-title"
    >
      Title
    </div>
    <ul
      class="card-tabs-root event-type-selector small"
    >
      <li
        class="card-tab"
        data-testid="0"
      >
        <button
          class="button-root btn btn-unstyled"
          type="button"
        >
          <span
            class="title"
          >
            Tab 0
          </span>
          <div />
        </button>
      </li>
      <li
        class="card-tab"
        data-testid="1"
      >
        <button
          class="button-root btn btn-unstyled"
          type="button"
        >
          <span
            class="title"
          >
            Tab 1
          </span>
          <div />
        </button>
      </li>
    </ul>
  </div>
</div>
`;
