// Jest Snapshot v1, https://goo.gl/fbAQLP

exports[`BaseDropdownListItem should render 1`] = `
<div>
  <li
    role="presentation"
  >
    <span
      aria-haspopup="true"
      class="dropdown-item d-flex justify-content-between"
      role="menuitem"
    >
      <button
        class="button-root dropdown-item-primary-button btn btn-block btn-unstyled"
        type="button"
      >
        Test Display Name
      </button>
    </span>
  </li>
</div>
`;
