// Jest Snapshot v1, https://goo.gl/fbAQLP

exports[`BaseDropdownSearchableList should render 1`] = `
<div>
  <form
    class=""
  >
    <div
      class="dropdown-section"
    >
      <div
        class="input-group input-group-sm"
      >
        <div
          class="input-group-item input-group-item-focusable"
        >
          <input
            class="form-control input-group-inset input-group-inset-after"
            placeholder="Search"
            type="text"
            value=""
          />
          <span
            class="input-group-inset-item input-group-inset-item-after"
          >
            <button
              aria-label="Search"
              class="btn btn-unstyled"
              type="button"
            >
              <svg
                class="lexicon-icon lexicon-icon-search"
                role="presentation"
              >
                <use
                  href="/o/osb-faro-web/dist/sprite.svg#search"
                />
              </svg>
            </button>
          </span>
        </div>
      </div>
    </div>
  </form>
  <ul
    class="list-unstyled base-dropdown-list"
    role="menu"
  >
    <li
      role="presentation"
    >
      <span
        aria-haspopup="true"
        class="dropdown-item d-flex justify-content-between"
        role="menuitem"
      >
        <button
          class="button-root dropdown-item-primary-button btn btn-block btn-unstyled"
          type="button"
        >
          Test 0
        </button>
      </span>
    </li>
    <li
      role="presentation"
    >
      <span
        aria-haspopup="true"
        class="dropdown-item d-flex justify-content-between"
        role="menuitem"
      >
        <button
          class="button-root dropdown-item-primary-button btn btn-block btn-unstyled"
          type="button"
        >
          Test 1
        </button>
      </span>
    </li>
  </ul>
</div>
`;
