// Jest Snapshot v1, https://goo.gl/fbAQLP

exports[`Recommendations should render 1`] = `
<div>
  <div
    class="settings-base-page-root"
  >
    <div
      class="maintenance-alert-root"
    />
    <ol
      class="breadcrumb breadcrumbs-root"
    >
      <li
        class="breadcrumb-item"
      >
        <a
          class="breadcrumb-text-truncate breadcrumb-link"
          href="/workspace/23/settings/recommendations"
        >
          Recommendations
        </a>
      </li>
      <li
        class="breadcrumb-item active"
      >
        <span
          class="breadcrumb-text-truncate"
        >
          New Model
        </span>
      </li>
    </ol>
    <div
      class="content-header"
    >
      <div
        class="header-text"
      >
        <div
          class="d-flex"
        >
          <h3
            class="title-text text-truncate"
          >
            <span
              class="text-truncate"
              data-tooltip="false"
              title=""
            >
              New Item Similarity Model
            </span>
          </h3>
        </div>
        <div
          class="description"
        >
          Item similarity model uses items and interactions data for training.
        </div>
      </div>
      <div
        class="page-actions-container"
      />
    </div>
    <div>
      <div
        class="row"
      >
        <div
          class="col-xl-8"
        >
          <div
            class="card card-root recommendation-step-card-root"
          >
            <form
              class="form-root"
            >
              <div
                class="card-header"
              >
                <div
                  class="timeline-root"
                >
                  <div
                    class="step active"
                  >
                    <div
                      class="title"
                    >
                      Basic Settings
                    </div>
                    <div
                      class="circle"
                    >
                      1
                    </div>
                  </div>
                  <span
                    class="bar"
                  />
                  <div
                    class="step"
                  >
                    <div
                      class="title"
                    >
                      Interactions
                    </div>
                    <div
                      class="circle"
                    >
                      2
                    </div>
                  </div>
                  <span
                    class="bar"
                  />
                  <div
                    class="step"
                  >
                    <div
                      class="title"
                    >
                      Items
                    </div>
                    <div
                      class="circle"
                    >
                      3
                    </div>
                  </div>
                  <span
                    class="bar"
                  />
                  <div
                    class="step"
                  >
                    <div
                      class="title"
                    >
                      Summary
                    </div>
                    <div
                      class="circle"
                    >
                      4
                    </div>
                  </div>
                </div>
              </div>
              <div
                class="card-body"
              >
                <div
                  class="basic-settings-root"
                >
                  <div
                    class="form-group"
                  >
                    <div
                      class=""
                    >
                      <label
                        class="form-control-label label-root required"
                        for="name"
                      >
                        <span
                          class="content-container"
                        >
                          Model Name
                        </span>
                      </label>
                      <input
                        class="input-root form-control"
                        id="name"
                        name="name"
                        type="text"
                        value=""
                      />
                    </div>
                  </div>
                  <div
                    class="form-group"
                  >
                    <div
                      class=""
                    >
                      <label
                        class="form-control-label label-root"
                        for="runFrequency"
                      >
                        <span
                          class="content-container"
                        >
                          Training Frequency
                        </span>
                      </label>
                      <select
                        class="form-control select-root"
                        id="runFrequency"
                        name="runFrequency"
                      >
                        <option
                          value="MANUAL"
                        >
                          Run Manually
                        </option>
                        <option
                          value="EVERY_7_DAYS"
                        >
                          Every 7 days
                        </option>
                        <option
                          value="EVERY_14_DAYS"
                        >
                          Every 14 days
                        </option>
                        <option
                          value="EVERY_30_DAYS"
                        >
                          Every 30 days
                        </option>
                      </select>
                    </div>
                  </div>
                </div>
              </div>
              <div
                class="card-footer"
              >
                <div
                  class="form-navigation-root"
                >
                  <a
                    class="button-root cancel btn btn-secondary"
                    href="/workspace/23/settings/recommendations"
                  >
                    Cancel
                  </a>
                  <button
                    class="button-root btn btn-primary"
                    disabled=""
                    type="button"
                  >
                    Next
                  </button>
                </div>
              </div>
            </form>
          </div>
        </div>
      </div>
    </div>
  </div>
</div>
`;
